// Vitest Snapshot v1, https://vitest.dev/guide/snapshot.html

exports[`Misc util > 1 - Invalid 1`] = `null`;

exports[`Misc util > 1 - Invalid 2`] = `null`;

exports[`Misc util > 1 - Invalid 3`] = `null`;

exports[`Misc util > 2 - Valid 1`] = `"https://ecency.com/"`;

exports[`Misc util > 2 - Valid 2`] = `"https://ecency.com/"`;

exports[`Misc util > 2 - Valid 3`] = `"https://ecency.com/hive-125125/@ecency/onboarding-more-users-join-us"`;

exports[`Misc util 1 - Invalid 1`] = `null`;

exports[`Misc util 1 - Invalid 2`] = `null`;

exports[`Misc util 1 - Invalid 3`] = `null`;

exports[`Misc util 2 - Valid 1`] = `"https://ecency.com/"`;

exports[`Misc util 2 - Valid 2`] = `"https://ecency.com/"`;

exports[`Misc util 2 - Valid 3`] = `"https://ecency.com/hive-125125/@ecency/onboarding-more-users-join-us"`;
